// Jest Snapshot v1, https://goo.gl/fbAQLP

exports[`works when Gradle is run outside of the project hierarchy 1`] = `"hello world"`;
